C51 COMPILER V9.60.7.0   FSI                                                               05/06/2023 16:08:44 PAGE 1   


C51 COMPILER V9.60.7.0, COMPILATION OF MODULE FSI
OBJECT MODULE PLACED IN .\Objects\FSI.obj
COMPILER INVOKED BY: C:\Keil_v5\C51\BIN\C51.EXE FSI.c OPTIMIZE(8,SPEED) BROWSE DEBUG OBJECTEXTEND PRINT(.\Listings\FSI.l
                    -st) TABS(2) OBJECT(.\Objects\FSI.obj)

line level    source

   1          /* Flame sensor interfacing with 8051*/
   2          
   3          #include<reg51.h>
   4          #define lcd P3
   5           
   6          sbit FLAME=P1^0;
   7           
   8          sbit rs=P2^0; //register select
   9          sbit rw=P2^1; //RW
  10          sbit en=P2^2; //enable
  11           
  12          void lcd_init();
  13          void cmd(unsigned char);
  14          void dat(unsigned char);
  15          void delay();
  16          void lcd_string(char *s);
  17           
  18          void main()
  19          {
  20   1          lcd_init();
  21   1          lcd_string(" FSI ");
  22   1          while(1) {
  23   2              if(FLAME) {
  24   3                  cmd(0xc0); //Force cursor to beginning of 2nd line
  25   3                  lcd_string("NO Flame");
  26   3                  delay();
  27   3              } else {
  28   3                  cmd(0xc0); // Force cursor to beginning of 2nd line
  29   3                  lcd_string("Flame Detected");
  30   3              }
  31   2          }
  32   1      }
  33           
  34          void lcd_init()
  35          {
  36   1          cmd(0x38); // 2 lines and 5×7 matrix (8-bit mode)
  37   1          cmd(0x0e); // Display on, cursor on
  38   1          cmd(0x06); // for entry mode
  39   1          cmd(0x01); // Clear displays
  40   1          cmd(0x80); // Force cursor to beginning of 1st line
  41   1      }
  42           
  43          void cmd(unsigned char a)
  44          {
  45   1          lcd=a;
  46   1          rs=0; // command register selected  input considered as commands
  47   1          rw=0; // write command
  48   1          en=1;
  49   1          delay();
  50   1          en=0;
  51   1      }
  52           
  53          void dat(unsigned char b)
  54          {
C51 COMPILER V9.60.7.0   FSI                                                               05/06/2023 16:08:44 PAGE 2   

  55   1          lcd=b;
  56   1          rs=1; // data register selected input considered as data
  57   1          rw=0; // write data 
  58   1          en=1;
  59   1          delay();
  60   1          en=0;
  61   1      }
  62           
  63          void lcd_string(char *s)
  64          {
  65   1          while(*s) {
  66   2             dat(*s++);
  67   2           }
  68   1      }
  69           
  70          void delay()
  71          {
  72   1          unsigned int i;
  73   1          for(i=0;i<20000;i++);
  74   1      }


MODULE INFORMATION:   STATIC OVERLAYABLE
   CODE SIZE        =    155    ----
   CONSTANT SIZE    =     30    ----
   XDATA SIZE       =   ----    ----
   PDATA SIZE       =   ----    ----
   DATA SIZE        =   ----       3
   IDATA SIZE       =   ----    ----
   BIT SIZE         =   ----    ----
END OF MODULE INFORMATION.


C51 COMPILATION COMPLETE.  0 WARNING(S),  0 ERROR(S)
